// Jest Snapshot v1, https://goo.gl/fbAQLP

exports[`<VariantInternationalComparisonChart> dataset0 renders correctly 1`] = `
<div
  className="relative h-full"
>
  <div
    className="sc-bcXHqe idcAl"
  >
    <div
      className="sc-hLBbgP kiIjgh"
    >
      <div
        className="mt-2 mb-4 w-40"
      >
        <button
          className="undefined bg-gray-400 hover:bg-gray-500 focus:ring-gray-500 focus:ring-offset-gray-200 px-2 text-white w-full transition ease-in duration-100 scale-110 text-center text-base font-semibold shadow-md focus:outline-none focus:ring-2 focus:ring-offset-2 rounded-lg "
          onClick={[Function]}
        >
          Toggle log scale
        </button>
      </div>
      <div
        className=" ***masked***-container"
        onKeyDown={[Function]}
      >
        <span
          className="***masked***-a11yText-A11yText"
          id="react-select-2-live-region"
        />
        <span
          aria-atomic="false"
          aria-live="polite"
          aria-relevant="additions text"
          className="***masked***-a11yText-A11yText"
        />
        <div
          className=" ***masked***-control"
          onMouseDown={[Function]}
          onTouchEnd={[Function]}
        >
          <div
            className=" ***masked***-Component"
          >
            <div
              className=" ***masked***-multiValue"
            >
              <div
                className=" ***masked***-Component"
              >
                Germany
              </div>
              <div
                aria-label="Remove Germany"
                className=" ***masked***-Component"
                onClick={[Function]}
                onMouseDown={[Function]}
                onTouchEnd={[Function]}
                role="button"
              >
                <svg
                  aria-hidden="true"
                  className="***masked***-Svg"
                  focusable="false"
                  height={14}
                  viewBox="0 0 20 20"
                  width={14}
                >
                  <path
                    d="M14.348 14.849c-0.469 0.469-1.229 0.469-1.697 0l-2.651-3.030-2.651 3.029c-0.469 0.469-1.229 0.469-1.697 0-0.469-0.469-0.469-1.229 0-1.697l2.758-3.15-2.759-3.152c-0.469-0.469-0.469-1.228 0-1.697s1.228-0.469 1.697 0l2.652 3.031 2.651-3.031c0.469-0.469 1.228-0.469 1.697 0s0.469 1.229 0 1.697l-2.758 3.152 2.758 3.15c0.469 0.469 0.469 1.229 0 1.698z"
                  />
                </svg>
              </div>
            </div>
            <div
              className=" ***masked***-multiValue"
            >
              <div
                className=" ***masked***-Component"
              >
                United Kingdom
              </div>
              <div
                aria-label="Remove United Kingdom"
                className=" ***masked***-Component"
                onClick={[Function]}
                onMouseDown={[Function]}
                onTouchEnd={[Function]}
                role="button"
              >
                <svg
                  aria-hidden="true"
                  className="***masked***-Svg"
                  focusable="false"
                  height={14}
                  viewBox="0 0 20 20"
                  width={14}
                >
                  <path
                    d="M14.348 14.849c-0.469 0.469-1.229 0.469-1.697 0l-2.651-3.030-2.651 3.029c-0.469 0.469-1.229 0.469-1.697 0-0.469-0.469-0.469-1.229 0-1.697l2.758-3.15-2.759-3.152c-0.469-0.469-0.469-1.228 0-1.697s1.228-0.469 1.697 0l2.652 3.031 2.651-3.031c0.469-0.469 1.228-0.469 1.697 0s0.469 1.229 0 1.697l-2.758 3.152 2.758 3.15c0.469 0.469 0.469 1.229 0 1.698z"
                  />
                </svg>
              </div>
            </div>
            <div
              className=" ***masked***-multiValue"
            >
              <div
                className=" ***masked***-Component"
              >
                United States
              </div>
              <div
                aria-label="Remove United States"
                className=" ***masked***-Component"
                onClick={[Function]}
                onMouseDown={[Function]}
                onTouchEnd={[Function]}
                role="button"
              >
                <svg
                  aria-hidden="true"
                  className="***masked***-Svg"
                  focusable="false"
                  height={14}
                  viewBox="0 0 20 20"
                  width={14}
                >
                  <path
                    d="M14.348 14.849c-0.469 0.469-1.229 0.469-1.697 0l-2.651-3.030-2.651 3.029c-0.469 0.469-1.229 0.469-1.697 0-0.469-0.469-0.469-1.229 0-1.697l2.758-3.15-2.759-3.152c-0.469-0.469-0.469-1.228 0-1.697s1.228-0.469 1.697 0l2.652 3.031 2.651-3.031c0.469-0.469 1.228-0.469 1.697 0s0.469 1.229 0 1.697l-2.758 3.152 2.758 3.15c0.469 0.469 0.469 1.229 0 1.698z"
                  />
                </svg>
              </div>
            </div>
            <div
              className=" ***masked***-multiValue"
            >
              <div
                className=" ***masked***-Component"
              >
                Denmark
              </div>
              <div
                aria-label="Remove Denmark"
                className=" ***masked***-Component"
                onClick={[Function]}
                onMouseDown={[Function]}
                onTouchEnd={[Function]}
                role="button"
              >
                <svg
                  aria-hidden="true"
                  className="***masked***-Svg"
                  focusable="false"
                  height={14}
                  viewBox="0 0 20 20"
                  width={14}
                >
                  <path
                    d="M14.348 14.849c-0.469 0.469-1.229 0.469-1.697 0l-2.651-3.030-2.651 3.029c-0.469 0.469-1.229 0.469-1.697 0-0.469-0.469-0.469-1.229 0-1.697l2.758-3.15-2.759-3.152c-0.469-0.469-0.469-1.228 0-1.697s1.228-0.469 1.697 0l2.652 3.031 2.651-3.031c0.469-0.469 1.228-0.469 1.697 0s0.469 1.229 0 1.697l-2.758 3.152 2.758 3.15c0.469 0.469 0.469 1.229 0 1.698z"
                  />
                </svg>
              </div>
            </div>
            <div
              className=" ***masked***-multiValue"
            >
              <div
                className=" ***masked***-Component"
              >
                South Africa
              </div>
              <div
                aria-label="Remove South Africa"
                className=" ***masked***-Component"
                onClick={[Function]}
                onMouseDown={[Function]}
                onTouchEnd={[Function]}
                role="button"
              >
                <svg
                  aria-hidden="true"
                  className="***masked***-Svg"
                  focusable="false"
                  height={14}
                  viewBox="0 0 20 20"
                  width={14}
                >
                  <path
                    d="M14.348 14.849c-0.469 0.469-1.229 0.469-1.697 0l-2.651-3.030-2.651 3.029c-0.469 0.469-1.229 0.469-1.697 0-0.469-0.469-0.469-1.229 0-1.697l2.758-3.15-2.759-3.152c-0.469-0.469-0.469-1.228 0-1.697s1.228-0.469 1.697 0l2.652 3.031 2.651-3.031c0.469-0.469 1.228-0.469 1.697 0s0.469 1.229 0 1.697l-2.758 3.152 2.758 3.15c0.469 0.469 0.469 1.229 0 1.698z"
                  />
                </svg>
              </div>
            </div>
            <div
              className=" ***masked***-Component"
              data-value=""
            >
              <input
                aria-autocomplete="list"
                aria-expanded={false}
                aria-haspopup={true}
                autoCapitalize="none"
                autoComplete="off"
                autoCorrect="off"
                className=""
                disabled={false}
                id="react-select-2-input"
                onBlur={[Function]}
                onChange={[Function]}
                onFocus={[Function]}
                role="combobox"
                spellCheck="false"
                style={
                  Object {
                    "background": 0,
                    "border": 0,
                    "color": "inherit",
                    "font": "inherit",
                    "gridArea": "1 / 2",
                    "label": "input",
                    "margin": 0,
                    "minWidth": "2px",
                    "opacity": 1,
                    "outline": 0,
                    "padding": 0,
                    "width": "100%",
                  }
                }
                tabIndex={0}
                type="text"
                value=""
              />
            </div>
          </div>
          <div
            className=" ***masked***-Component"
          >
            <div
              aria-hidden="true"
              className=" ***masked***-indicatorContainer"
              onMouseDown={[Function]}
              onTouchEnd={[Function]}
            >
              <svg
                aria-hidden="true"
                className="***masked***-Svg"
                focusable="false"
                height={20}
                viewBox="0 0 20 20"
                width={20}
              >
                <path
                  d="M14.348 14.849c-0.469 0.469-1.229 0.469-1.697 0l-2.651-3.030-2.651 3.029c-0.469 0.469-1.229 0.469-1.697 0-0.469-0.469-0.469-1.229 0-1.697l2.758-3.15-2.759-3.152c-0.469-0.469-0.469-1.228 0-1.697s1.228-0.469 1.697 0l2.652 3.031 2.651-3.031c0.469-0.469 1.228-0.469 1.697 0s0.469 1.229 0 1.697l-2.758 3.152 2.758 3.15c0.469 0.469 0.469 1.229 0 1.698z"
                />
              </svg>
            </div>
            <span
              className=" ***masked***-indicatorSeparator"
            />
            <div
              aria-hidden="true"
              className=" ***masked***-indicatorContainer"
              onMouseDown={[Function]}
              onTouchEnd={[Function]}
            >
              <svg
                aria-hidden="true"
                className="***masked***-Svg"
                focusable="false"
                height={20}
                viewBox="0 0 20 20"
                width={20}
              >
                <path
                  d="M4.516 7.548c0.436-0.446 1.043-0.481 1.576 0l3.908 3.747 3.908-3.747c0.533-0.481 1.141-0.446 1.574 0 0.436 0.445 0.408 1.197 0 1.615-0.406 0.418-4.695 4.502-4.695 4.502-0.217 0.223-0.502 0.335-0.787 0.335s-0.57-0.112-0.789-0.335c0 0-4.287-4.084-4.695-4.502s-0.436-1.17 0-1.615z"
                />
              </svg>
            </div>
          </div>
        </div>
      </div>
    </div>
    <div
      className="recharts-responsive-container"
      style={
        Object {
          "height": "100%",
          "maxHeight": undefined,
          "minHeight": undefined,
          "minWidth": undefined,
          "width": "100%",
        }
      }
    />
  </div>
</div>
`;
